LIBRO
VIELEN BANK FUR
IHREN EINKAUF!
Datum: 03.03.2015 Zeit: 13:22
PUMA RUCKSACK APEX C 19.99
Summe EUR 19.99
Gegeben Bar 20.00
Restgeld EUR 0 .01
Betrag dankend erhalten
Geschenkboxen, iTunes—Karten
und elektronische Ladebons
kein Umtausch möglich!
C : 20% MwSt von 16.68 = 3.33
LIBR0 4320 Perg
Naarnerstr. 79d
