INTERSPAR
HYPERMARKT
LandstraBer HauptstraBe 1b
1030 Wien 01/7140242
UID: ATU37198705; FN58299i
EUR
SPAREMMENTAL 1.79 A
SPAR V. GEB. 0.90 A
YOGURT EIS 1.99 A
BUTTERFLY 0.99 A
FISOLEN 3.49 A
RAMA CREMEF. 1.19 A
LAIBCHEN GEM 1.99 A
SPAR 2MIN. R 1.29 A
FRUCHTBECHER 2.99 A
SUMME : 16.62
GEGEBEN Bankomat 16.62
BEZAHLI MAESTRO 16.
############7598 0001
28006101 01.06.2015/19:44:54 7030
GEN.NR.:703048
100505411 0816
A0000000043060 DC9409088AB4CD
**+ durch PIN-Eingabe best√§tigt ***
